// Jest Snapshot v1, https://goo.gl/fbAQLP

exports[`renders correctly 1`] = `
<div>
  <a
    href="/posters/test-poster-2"
    onClick={[Function]}
    onMouseEnter={[Function]}
  >
    View
  </a>
  <h3>
    Test Poster 1
  </h3>
  <div>
    <div>
      <a
        href="/posters/test-poster-2"
        onClick={[Function]}
        onMouseEnter={[Function]}
      >
        View
      </a>
    </div>
    <div>
      <button
        onClick={[Function]}
      >
        Add to cart
      </button>
    </div>
  </div>
</div>
`;
