// Jest Snapshot v1, https://goo.gl/fbAQLP

exports[`renders correctly 1`] = `
<div>
  <div>
    <VariantImage />
  </div>
  <div>
    <h3>
      title
    </h3>
    <p />
    <div>
      <VariantAddToCart />
      <VariantInCart />
      <p>
        <Homelink />
      </p>
    </div>
  </div>
</div>
`;
