// Jest Snapshot v1, https://goo.gl/fbAQLP

exports[`renders correctly 1`] = `
<div>
  <div>
    <ProductImage
      product={
        Object {
          "description": "description",
          "title": "title",
          "variants": Object {
            "edges": Array [
              Object {
                "node": Object {},
              },
            ],
          },
        }
      }
    />
  </div>
  <div>
    <h3>
      title
    </h3>
    <p>
      description
    </p>
    <div>
      <VariantAddToCart
        variant={Object {}}
      />
      <VariantInCart
        variant={Object {}}
      />
      <p>
        <Homelink />
      </p>
    </div>
  </div>
</div>
`;
