// Jest Snapshot v1, https://goo.gl/fbAQLP

exports[`renders correctly 1`] = `
<div>
  <a
    href="/posters/test-poster-2"
    onClick={[Function]}
    onMouseEnter={[Function]}
  >
    <img
      src="https://cdn.shopify.com/s/files/1/0380/1713/8733/products/mockup-29dc6c6a.png?v=1585737094"
    />
  </a>
  <div>
    <h3>
      Test Poster 1
    </h3>
    <button
      onClick={[Function]}
    >
      Add to cart
    </button>
  </div>
</div>
`;
