// Jest Snapshot v1, https://goo.gl/fbAQLP

exports[`renders correctly 1`] = `
<div>
  <ProductLink
    product={
      Object {
        "title": "title",
        "variants": Object {
          "edges": Array [
            Object {
              "node": Object {},
            },
          ],
        },
      }
    }
  >
    <ProductImage
      product={
        Object {
          "title": "title",
          "variants": Object {
            "edges": Array [
              Object {
                "node": Object {},
              },
            ],
          },
        }
      }
    />
  </ProductLink>
  <div>
    <h3>
      title
    </h3>
    <VariantAddToCart
      variant={Object {}}
    />
    <VariantInCart
      variant={Object {}}
    />
    <VariantPrice
      variant={Object {}}
    />
  </div>
</div>
`;
