// Jest Snapshot v1, https://goo.gl/fbAQLP

exports[`renders correctly 1`] = `
<div>
  <ProductLink
    product={
      Object {
        "title": "title",
        "variants": Object {
          "edges": Array [
            Object {
              "node": Object {},
            },
          ],
        },
      }
    }
  >
    <VariantImage />
  </ProductLink>
  <div>
    <h3>
      title
    </h3>
    <VariantAddToCart />
    <VariantInCart />
    <VariantPrice />
  </div>
</div>
`;
